MPLINK 5.08, LINKER
Linker Map File - Created Tue Mar 15 15:18:20 2022

                                 Section Info
                  Section       Type    Address   Location Size(Bytes)
                ---------  ---------  ---------  ---------  ---------
                   .org_0       code   0x000000    program   0x000000
                   .org_1       code   0x000000    program   0x000002
                   .org_2       code   0x000004    program   0x000042
.config_2007_/HOME/CLOUD/MPLABXPROJECTS/AULA1       code   0x002007    program   0x000002



                              Program Memory Usage 
                               Start         End      
                           ---------   ---------      
                            0x000000    0x000000      
                            0x000004    0x000024      
                            0x002007    0x002007      
            35 out of 1158 program addresses used, program memory utilization is 3%



                              Symbols - Sorted by Name
                     Name    Address   Location    Storage File                     
                ---------  ---------  ---------  --------- ---------                
                      B12   0x000022    program     static /home/cloud/MPLABXProjects/aula1.X/aula1.ASM
                      FIM   0x000024    program     static /home/cloud/MPLABXProjects/aula1.X/aula1.ASM
                   INICIO   0x00000d    program     static /home/cloud/MPLABXProjects/aula1.X/aula1.ASM
                     MAIN   0x000018    program     static /home/cloud/MPLABXProjects/aula1.X/aula1.ASM
                 NAO_ZERO   0x000020    program     static /home/cloud/MPLABXProjects/aula1.X/aula1.ASM
                  SAI_INT   0x000007    program     static /home/cloud/MPLABXProjects/aula1.X/aula1.ASM
               SUBROTINA1   0x00000c    program     static /home/cloud/MPLABXProjects/aula1.X/aula1.ASM
                     ZERO   0x00001d    program     static /home/cloud/MPLABXProjects/aula1.X/aula1.ASM



                              Symbols - Sorted by Address
                     Name    Address   Location    Storage File                     
                ---------  ---------  ---------  --------- ---------                
                  SAI_INT   0x000007    program     static /home/cloud/MPLABXProjects/aula1.X/aula1.ASM
               SUBROTINA1   0x00000c    program     static /home/cloud/MPLABXProjects/aula1.X/aula1.ASM
                   INICIO   0x00000d    program     static /home/cloud/MPLABXProjects/aula1.X/aula1.ASM
                     MAIN   0x000018    program     static /home/cloud/MPLABXProjects/aula1.X/aula1.ASM
                     ZERO   0x00001d    program     static /home/cloud/MPLABXProjects/aula1.X/aula1.ASM
                 NAO_ZERO   0x000020    program     static /home/cloud/MPLABXProjects/aula1.X/aula1.ASM
                      B12   0x000022    program     static /home/cloud/MPLABXProjects/aula1.X/aula1.ASM
                      FIM   0x000024    program     static /home/cloud/MPLABXProjects/aula1.X/aula1.ASM


